// Vitest Snapshot v1, https://vitest.dev/guide/snapshot.html

exports[`@universal-labs/primitives > Should render AppProvider 1`] = `null`;
